// Jest Snapshot v1, https://goo.gl/fbAQLP

exports[`TextArea component matches snapshot 1`] = `
<DocumentFragment>
  <div
    class="flex flex-col gap-4 w-full"
  >
    <label
      class="text-sm md:text-base text-gray-600 capitalize font-medium"
      for="testTextArea"
    >
      Test Label
    </label>
    <div
      class="w-full relative h-max"
    >
      <textarea
        aria-label="Test Label"
        class="w-full shadow-sm bg-white rounded border text-base outline-none text-gray-700 py-1 px-3 leading-8 transition-colors duration-200 ease-in-out resize-none h-[150px] border-blue-200 focus:border-blue-100 focus:ring-2 focus:ring-blue-100"
        id="testTextArea"
        name="testTextArea"
      />
    </div>
    <div
      class="h-fit transition-all"
    >
      <p
        class="font-normal text-sm leading-4 text-red-600 transition-all"
      />
    </div>
  </div>
</DocumentFragment>
`;
