// Jest Snapshot v1, https://goo.gl/fbAQLP

exports[`Footer component matches snapshot 1`] = `
<DocumentFragment>
  <footer
    class="py-4 mt-3 border-t-2 border-t-blue-700"
  >
    <p
      class="text-center"
    >
      © 2024 Articles App — Lotana
    </p>
  </footer>
</DocumentFragment>
`;
